node.exe : npm warn config production 
Use `--omit=dev` instead.
At C:\Program Files\nodejs\npm.ps1:29 
char:3
+   & $NODE_EXE $NPM_CLI_JS $args
+   ~~~~~~~~~~~~~~~~~~~~~~~~~~~~~
    + CategoryInfo          : NotSpec 
   ified: (npm warn config...t=dev`   
  instead.:String) [], RemoteExcept   
 ion
    + FullyQualifiedErrorId : NativeC 
   ommandError
 

> ai-mom-backend@1.0.0 build
> tsc

src/services/recurring.service.ts(3,93): error TS2307: Cannot find module 'date-fns' or its corresponding type declarations.
