node.exe : npm warn config 
production Use `--omit=dev` instead.
At C:\Program 
Files\nodejs\npx.ps1:29 char:3
+   & $NODE_EXE $NPX_CLI_JS $args
+   ~~~~~~~~~~~~~~~~~~~~~~~~~~~~~
    + CategoryInfo          : NotSpe 
   cified: (npm warn config...t=dev  
  ` instead.:String) [], RemoteExc   
 eption
    + FullyQualifiedErrorId : Native 
   CommandError
 
Attempting to connect to the database...
Successfully connected to the database!
User columns in DB:
 - createdAt: timestamp without time zone
 - email: text
 - id: text
 - password: text
 - telegramChatId: text
 - telegramLinkCode: text
 - telegramLinkExpiresAt: timestamp without time zone
 - updatedAt: timestamp without time zone
